Analysis & Synthesis report for Random
Tue Aug 29 00:19:19 2017
Quartus II Version 9.1 Build 350 03/24/2010 Service Pack 2 SJ Web Edition


---------------------
; Table of Contents ;
---------------------
  1. Legal Notice
  2. Analysis & Synthesis Summary
  3. Analysis & Synthesis Settings
  4. Parallel Compilation
  5. Analysis & Synthesis Source Files Read
  6. Analysis & Synthesis Resource Usage Summary
  7. Analysis & Synthesis Resource Utilization by Entity
  8. General Register Statistics
  9. Source assignments for count8:inst2|lpm_counter:lpm_counter_component
 10. Parameter Settings for User Entity Instance: count8:inst2|lpm_counter:lpm_counter_component
 11. Parameter Settings for User Entity Instance: detect_0:inst3|lpm_compare:lpm_compare_component
 12. Parameter Settings for User Entity Instance: MAXCOUNT:inst8|lpm_constant:lpm_constant_component
 13. Parameter Settings for User Entity Instance: regout:inst1|lpm_ff:lpm_ff_component
 14. Analysis & Synthesis Messages



----------------
; Legal Notice ;
----------------
Copyright (C) 1991-2010 Altera Corporation
Your use of Altera Corporation's design tools, logic functions 
and other software and tools, and its AMPP partner logic 
functions, and any output files from any of the foregoing 
(including device programming or simulation files), and any 
associated documentation or information are expressly subject 
to the terms and conditions of the Altera Program License 
Subscription Agreement, Altera MegaCore Function License 
Agreement, or other applicable license agreement, including, 
without limitation, that your use is for the sole purpose of 
programming logic devices manufactured by Altera and sold by 
Altera or its authorized distributors.  Please refer to the 
applicable agreement for further details.



+-----------------------------------------------------------------------------------+
; Analysis & Synthesis Summary                                                      ;
+------------------------------------+----------------------------------------------+
; Analysis & Synthesis Status        ; Successful - Tue Aug 29 00:19:19 2017        ;
; Quartus II Version                 ; 9.1 Build 350 03/24/2010 SP 2 SJ Web Edition ;
; Revision Name                      ; Random                                       ;
; Top-level Entity Name              ; Random                                       ;
; Family                             ; Cyclone II                                   ;
; Total logic elements               ; 19                                           ;
;     Total combinational functions  ; 11                                           ;
;     Dedicated logic registers      ; 16                                           ;
; Total registers                    ; 16                                           ;
; Total pins                         ; 18                                           ;
; Total virtual pins                 ; 0                                            ;
; Total memory bits                  ; 0                                            ;
; Embedded Multiplier 9-bit elements ; 0                                            ;
; Total PLLs                         ; 0                                            ;
+------------------------------------+----------------------------------------------+


+----------------------------------------------------------------------------------------------------------------------+
; Analysis & Synthesis Settings                                                                                        ;
+----------------------------------------------------------------------------+--------------------+--------------------+
; Option                                                                     ; Setting            ; Default Value      ;
+----------------------------------------------------------------------------+--------------------+--------------------+
; Device                                                                     ; EP2C35F672C6       ;                    ;
; Top-level entity name                                                      ; Random             ; Random             ;
; Family name                                                                ; Cyclone II         ; Stratix II         ;
; Use Generated Physical Constraints File                                    ; Off                ;                    ;
; Use smart compilation                                                      ; Off                ; Off                ;
; Enable parallel Assembler and TimeQuest Timing Analyzer during compilation ; On                 ; On                 ;
; Enable compact report table                                                ; Off                ; Off                ;
; Restructure Multiplexers                                                   ; Auto               ; Auto               ;
; Create Debugging Nodes for IP Cores                                        ; Off                ; Off                ;
; Preserve fewer node names                                                  ; On                 ; On                 ;
; Disable OpenCore Plus hardware evaluation                                  ; Off                ; Off                ;
; Verilog Version                                                            ; Verilog_2001       ; Verilog_2001       ;
; VHDL Version                                                               ; VHDL_1993          ; VHDL_1993          ;
; State Machine Processing                                                   ; Auto               ; Auto               ;
; Safe State Machine                                                         ; Off                ; Off                ;
; Extract Verilog State Machines                                             ; On                 ; On                 ;
; Extract VHDL State Machines                                                ; On                 ; On                 ;
; Ignore Verilog initial constructs                                          ; Off                ; Off                ;
; Iteration limit for constant Verilog loops                                 ; 5000               ; 5000               ;
; Iteration limit for non-constant Verilog loops                             ; 250                ; 250                ;
; Add Pass-Through Logic to Inferred RAMs                                    ; On                 ; On                 ;
; Parallel Synthesis                                                         ; On                 ; On                 ;
; DSP Block Balancing                                                        ; Auto               ; Auto               ;
; NOT Gate Push-Back                                                         ; On                 ; On                 ;
; Power-Up Don't Care                                                        ; On                 ; On                 ;
; Remove Redundant Logic Cells                                               ; Off                ; Off                ;
; Remove Duplicate Registers                                                 ; On                 ; On                 ;
; Ignore CARRY Buffers                                                       ; Off                ; Off                ;
; Ignore CASCADE Buffers                                                     ; Off                ; Off                ;
; Ignore GLOBAL Buffers                                                      ; Off                ; Off                ;
; Ignore ROW GLOBAL Buffers                                                  ; Off                ; Off                ;
; Ignore LCELL Buffers                                                       ; Off                ; Off                ;
; Ignore SOFT Buffers                                                        ; On                 ; On                 ;
; Limit AHDL Integers to 32 Bits                                             ; Off                ; Off                ;
; Optimization Technique                                                     ; Balanced           ; Balanced           ;
; Carry Chain Length                                                         ; 70                 ; 70                 ;
; Auto Carry Chains                                                          ; On                 ; On                 ;
; Auto Open-Drain Pins                                                       ; On                 ; On                 ;
; Perform WYSIWYG Primitive Resynthesis                                      ; Off                ; Off                ;
; Auto ROM Replacement                                                       ; On                 ; On                 ;
; Auto RAM Replacement                                                       ; On                 ; On                 ;
; Auto Shift Register Replacement                                            ; Auto               ; Auto               ;
; Auto Clock Enable Replacement                                              ; On                 ; On                 ;
; Strict RAM Replacement                                                     ; Off                ; Off                ;
; Allow Synchronous Control Signals                                          ; On                 ; On                 ;
; Force Use of Synchronous Clear Signals                                     ; Off                ; Off                ;
; Auto RAM to Logic Cell Conversion                                          ; Off                ; Off                ;
; Auto Resource Sharing                                                      ; Off                ; Off                ;
; Allow Any RAM Size For Recognition                                         ; Off                ; Off                ;
; Allow Any ROM Size For Recognition                                         ; Off                ; Off                ;
; Allow Any Shift Register Size For Recognition                              ; Off                ; Off                ;
; Use LogicLock Constraints during Resource Balancing                        ; On                 ; On                 ;
; Ignore translate_off and synthesis_off directives                          ; Off                ; Off                ;
; Timing-Driven Synthesis                                                    ; Off                ; Off                ;
; Show Parameter Settings Tables in Synthesis Report                         ; On                 ; On                 ;
; Ignore Maximum Fan-Out Assignments                                         ; Off                ; Off                ;
; Synchronization Register Chain Length                                      ; 2                  ; 2                  ;
; PowerPlay Power Optimization                                               ; Normal compilation ; Normal compilation ;
; HDL message level                                                          ; Level2             ; Level2             ;
; Suppress Register Optimization Related Messages                            ; Off                ; Off                ;
; Number of Removed Registers Reported in Synthesis Report                   ; 5000               ; 5000               ;
; Number of Inverted Registers Reported in Synthesis Report                  ; 100                ; 100                ;
; Clock MUX Protection                                                       ; On                 ; On                 ;
; Auto Gated Clock Conversion                                                ; Off                ; Off                ;
; Block Design Naming                                                        ; Auto               ; Auto               ;
; SDC constraint protection                                                  ; Off                ; Off                ;
; Synthesis Effort                                                           ; Auto               ; Auto               ;
; Shift Register Replacement - Allow Asynchronous Clear Signal               ; On                 ; On                 ;
; Analysis & Synthesis Message Level                                         ; Medium             ; Medium             ;
; Disable Register Merging Across Hierarchies                                ; Auto               ; Auto               ;
; Resource Aware Inference For Block RAM                                     ; On                 ; On                 ;
+----------------------------------------------------------------------------+--------------------+--------------------+


Parallel compilation was disabled, but you have multiple processors available. Enable parallel compilation to reduce compilation time.
+-------------------------------------+
; Parallel Compilation                ;
+----------------------------+--------+
; Processors                 ; Number ;
+----------------------------+--------+
; Number detected on machine ; 4      ;
; Maximum allowed            ; 1      ;
+----------------------------+--------+


+------------------------------------------------------------------------------------------------------------------------------------------------------------+
; Analysis & Synthesis Source Files Read                                                                                                                     ;
+----------------------------------+-----------------+------------------------------------+------------------------------------------------------------------+
; File Name with User-Entered Path ; Used in Netlist ; File Type                          ; File Name with Absolute Path                                     ;
+----------------------------------+-----------------+------------------------------------+------------------------------------------------------------------+
; Random.bdf                       ; yes             ; User Block Diagram/Schematic File  ; D:/Technion/4th Year/Lab 1h/Repository/Random/Random.bdf         ;
; count8.vhd                       ; yes             ; User Wizard-Generated File         ; D:/Technion/4th Year/Lab 1h/Repository/Random/count8.vhd         ;
; detect_0.vhd                     ; yes             ; User Wizard-Generated File         ; D:/Technion/4th Year/Lab 1h/Repository/Random/detect_0.vhd       ;
; MAXCOUNT.vhd                     ; yes             ; User Wizard-Generated File         ; D:/Technion/4th Year/Lab 1h/Repository/Random/MAXCOUNT.vhd       ;
; regout.vhd                       ; yes             ; User Wizard-Generated File         ; D:/Technion/4th Year/Lab 1h/Repository/Random/regout.vhd         ;
; lpm_counter.tdf                  ; yes             ; Megafunction                       ; c:/altera/91sp2/quartus/libraries/megafunctions/lpm_counter.tdf  ;
; db/cntr_sqi.tdf                  ; yes             ; Auto-Generated Megafunction        ; D:/Technion/4th Year/Lab 1h/Repository/Random/db/cntr_sqi.tdf    ;
; lpm_compare.tdf                  ; yes             ; Megafunction                       ; c:/altera/91sp2/quartus/libraries/megafunctions/lpm_compare.tdf  ;
; db/cmpr_omi.tdf                  ; yes             ; Auto-Generated Megafunction        ; D:/Technion/4th Year/Lab 1h/Repository/Random/db/cmpr_omi.tdf    ;
; lpm_constant.tdf                 ; yes             ; Megafunction                       ; c:/altera/91sp2/quartus/libraries/megafunctions/lpm_constant.tdf ;
; lpm_ff.tdf                       ; yes             ; Megafunction                       ; c:/altera/91sp2/quartus/libraries/megafunctions/lpm_ff.tdf       ;
+----------------------------------+-----------------+------------------------------------+------------------------------------------------------------------+


+-----------------------------------------------------+
; Analysis & Synthesis Resource Usage Summary         ;
+---------------------------------------------+-------+
; Resource                                    ; Usage ;
+---------------------------------------------+-------+
; Estimated Total logic elements              ; 19    ;
;                                             ;       ;
; Total combinational functions               ; 11    ;
; Logic element usage by number of LUT inputs ;       ;
;     -- 4 input functions                    ; 2     ;
;     -- 3 input functions                    ; 0     ;
;     -- <=2 input functions                  ; 9     ;
;                                             ;       ;
; Logic elements by mode                      ;       ;
;     -- normal mode                          ; 4     ;
;     -- arithmetic mode                      ; 7     ;
;                                             ;       ;
; Total registers                             ; 16    ;
;     -- Dedicated logic registers            ; 16    ;
;     -- I/O registers                        ; 0     ;
;                                             ;       ;
; I/O pins                                    ; 18    ;
; Maximum fan-out node                        ; clk   ;
; Maximum fan-out                             ; 16    ;
; Total fan-out                               ; 89    ;
; Average fan-out                             ; 1.98  ;
+---------------------------------------------+-------+


+---------------------------------------------------------------------------------------------------------------------------------------------------------------------------------------------------------------------------------------------------------+
; Analysis & Synthesis Resource Utilization by Entity                                                                                                                                                                                                     ;
+-------------------------------------------+-------------------+--------------+-------------+--------------+---------+-----------+------+--------------+----------------------------------------------------------------------------------+--------------+
; Compilation Hierarchy Node                ; LC Combinationals ; LC Registers ; Memory Bits ; DSP Elements ; DSP 9x9 ; DSP 18x18 ; Pins ; Virtual Pins ; Full Hierarchy Name                                                              ; Library Name ;
+-------------------------------------------+-------------------+--------------+-------------+--------------+---------+-----------+------+--------------+----------------------------------------------------------------------------------+--------------+
; |Random                                   ; 11 (0)            ; 16 (0)       ; 0           ; 0            ; 0       ; 0         ; 18   ; 0            ; |Random                                                                          ;              ;
;    |count8:inst2|                         ; 8 (0)             ; 8 (0)        ; 0           ; 0            ; 0       ; 0         ; 0    ; 0            ; |Random|count8:inst2                                                             ;              ;
;       |lpm_counter:lpm_counter_component| ; 8 (0)             ; 8 (0)        ; 0           ; 0            ; 0       ; 0         ; 0    ; 0            ; |Random|count8:inst2|lpm_counter:lpm_counter_component                           ; work         ;
;          |cntr_sqi:auto_generated|        ; 8 (8)             ; 8 (8)        ; 0           ; 0            ; 0       ; 0         ; 0    ; 0            ; |Random|count8:inst2|lpm_counter:lpm_counter_component|cntr_sqi:auto_generated   ;              ;
;    |detect_0:inst3|                       ; 3 (0)             ; 0 (0)        ; 0           ; 0            ; 0       ; 0         ; 0    ; 0            ; |Random|detect_0:inst3                                                           ; work         ;
;       |lpm_compare:lpm_compare_component| ; 3 (0)             ; 0 (0)        ; 0           ; 0            ; 0       ; 0         ; 0    ; 0            ; |Random|detect_0:inst3|lpm_compare:lpm_compare_component                         ;              ;
;          |cmpr_omi:auto_generated|        ; 3 (3)             ; 0 (0)        ; 0           ; 0            ; 0       ; 0         ; 0    ; 0            ; |Random|detect_0:inst3|lpm_compare:lpm_compare_component|cmpr_omi:auto_generated ; work         ;
;    |regout:inst1|                         ; 0 (0)             ; 8 (0)        ; 0           ; 0            ; 0       ; 0         ; 0    ; 0            ; |Random|regout:inst1                                                             ;              ;
;       |lpm_ff:lpm_ff_component|           ; 0 (0)             ; 8 (8)        ; 0           ; 0            ; 0       ; 0         ; 0    ; 0            ; |Random|regout:inst1|lpm_ff:lpm_ff_component                                     ; work         ;
+-------------------------------------------+-------------------+--------------+-------------+--------------+---------+-----------+------+--------------+----------------------------------------------------------------------------------+--------------+
Note: For table entries with two numbers listed, the numbers in parentheses indicate the number of resources of the given type used by the specific entity alone. The numbers listed outside of parentheses indicate the total resources of the given type used by the specific entity and all of its sub-entities in the hierarchy.


+------------------------------------------------------+
; General Register Statistics                          ;
+----------------------------------------------+-------+
; Statistic                                    ; Value ;
+----------------------------------------------+-------+
; Total registers                              ; 16    ;
; Number of registers using Synchronous Clear  ; 0     ;
; Number of registers using Synchronous Load   ; 8     ;
; Number of registers using Asynchronous Clear ; 0     ;
; Number of registers using Asynchronous Load  ; 0     ;
; Number of registers using Clock Enable       ; 8     ;
; Number of registers using Preset             ; 0     ;
+----------------------------------------------+-------+


+-----------------------------------------------------------------------+
; Source assignments for count8:inst2|lpm_counter:lpm_counter_component ;
+---------------------------+-------+------+----------------------------+
; Assignment                ; Value ; From ; To                         ;
+---------------------------+-------+------+----------------------------+
; SUPPRESS_DA_RULE_INTERNAL ; a101  ; -    ; -                          ;
; SUPPRESS_DA_RULE_INTERNAL ; s102  ; -    ; -                          ;
; SUPPRESS_DA_RULE_INTERNAL ; s103  ; -    ; -                          ;
+---------------------------+-------+------+----------------------------+


+---------------------------------------------------------------------------------------------+
; Parameter Settings for User Entity Instance: count8:inst2|lpm_counter:lpm_counter_component ;
+------------------------+-------------+------------------------------------------------------+
; Parameter Name         ; Value       ; Type                                                 ;
+------------------------+-------------+------------------------------------------------------+
; AUTO_CARRY_CHAINS      ; ON          ; AUTO_CARRY                                           ;
; IGNORE_CARRY_BUFFERS   ; OFF         ; IGNORE_CARRY                                         ;
; AUTO_CASCADE_CHAINS    ; ON          ; AUTO_CASCADE                                         ;
; IGNORE_CASCADE_BUFFERS ; OFF         ; IGNORE_CASCADE                                       ;
; LPM_WIDTH              ; 8           ; Signed Integer                                       ;
; LPM_DIRECTION          ; DOWN        ; Untyped                                              ;
; LPM_MODULUS            ; 0           ; Untyped                                              ;
; LPM_AVALUE             ; UNUSED      ; Untyped                                              ;
; LPM_SVALUE             ; UNUSED      ; Untyped                                              ;
; LPM_PORT_UPDOWN        ; PORT_UNUSED ; Untyped                                              ;
; DEVICE_FAMILY          ; Cyclone II  ; Untyped                                              ;
; CARRY_CHAIN            ; MANUAL      ; Untyped                                              ;
; CARRY_CHAIN_LENGTH     ; 48          ; CARRY_CHAIN_LENGTH                                   ;
; NOT_GATE_PUSH_BACK     ; ON          ; NOT_GATE_PUSH_BACK                                   ;
; CARRY_CNT_EN           ; SMART       ; Untyped                                              ;
; LABWIDE_SCLR           ; ON          ; Untyped                                              ;
; USE_NEW_VERSION        ; TRUE        ; Untyped                                              ;
; CBXI_PARAMETER         ; cntr_sqi    ; Untyped                                              ;
+------------------------+-------------+------------------------------------------------------+
Note: In order to hide this table in the UI and the text report file, please set the "Show Parameter Settings Tables in Synthesis Report" option in "Analysis and Synthesis Settings -> More Settings" to "Off".


+-----------------------------------------------------------------------------------------------+
; Parameter Settings for User Entity Instance: detect_0:inst3|lpm_compare:lpm_compare_component ;
+------------------------+------------+---------------------------------------------------------+
; Parameter Name         ; Value      ; Type                                                    ;
+------------------------+------------+---------------------------------------------------------+
; lpm_width              ; 8          ; Signed Integer                                          ;
; LPM_REPRESENTATION     ; UNSIGNED   ; Untyped                                                 ;
; LPM_PIPELINE           ; 0          ; Untyped                                                 ;
; CHAIN_SIZE             ; 8          ; Untyped                                                 ;
; ONE_INPUT_IS_CONSTANT  ; YES        ; Untyped                                                 ;
; CARRY_CHAIN            ; MANUAL     ; Untyped                                                 ;
; CASCADE_CHAIN          ; MANUAL     ; Untyped                                                 ;
; CARRY_CHAIN_LENGTH     ; 48         ; CARRY_CHAIN_LENGTH                                      ;
; CASCADE_CHAIN_LENGTH   ; 2          ; CASCADE_CHAIN_LENGTH                                    ;
; DEVICE_FAMILY          ; Cyclone II ; Untyped                                                 ;
; CBXI_PARAMETER         ; cmpr_omi   ; Untyped                                                 ;
; AUTO_CARRY_CHAINS      ; ON         ; AUTO_CARRY                                              ;
; IGNORE_CARRY_BUFFERS   ; OFF        ; IGNORE_CARRY                                            ;
; AUTO_CASCADE_CHAINS    ; ON         ; AUTO_CASCADE                                            ;
; IGNORE_CASCADE_BUFFERS ; OFF        ; IGNORE_CASCADE                                          ;
+------------------------+------------+---------------------------------------------------------+
Note: In order to hide this table in the UI and the text report file, please set the "Show Parameter Settings Tables in Synthesis Report" option in "Analysis and Synthesis Settings -> More Settings" to "Off".


+-------------------------------------------------------------------------------------------------+
; Parameter Settings for User Entity Instance: MAXCOUNT:inst8|lpm_constant:lpm_constant_component ;
+--------------------+------------------+---------------------------------------------------------+
; Parameter Name     ; Value            ; Type                                                    ;
+--------------------+------------------+---------------------------------------------------------+
; LPM_WIDTH          ; 8                ; Signed Integer                                          ;
; LPM_CVALUE         ; 255              ; Signed Integer                                          ;
; ENABLE_RUNTIME_MOD ; NO               ; Untyped                                                 ;
; CBXI_PARAMETER     ; lpm_constant_6j6 ; Untyped                                                 ;
+--------------------+------------------+---------------------------------------------------------+
Note: In order to hide this table in the UI and the text report file, please set the "Show Parameter Settings Tables in Synthesis Report" option in "Analysis and Synthesis Settings -> More Settings" to "Off".


+-----------------------------------------------------------------------------------+
; Parameter Settings for User Entity Instance: regout:inst1|lpm_ff:lpm_ff_component ;
+------------------------+------------+---------------------------------------------+
; Parameter Name         ; Value      ; Type                                        ;
+------------------------+------------+---------------------------------------------+
; LPM_WIDTH              ; 8          ; Signed Integer                              ;
; LPM_AVALUE             ; UNUSED     ; Untyped                                     ;
; LPM_SVALUE             ; UNUSED     ; Untyped                                     ;
; LPM_FFTYPE             ; DFF        ; Untyped                                     ;
; DEVICE_FAMILY          ; Cyclone II ; Untyped                                     ;
; CBXI_PARAMETER         ; NOTHING    ; Untyped                                     ;
; AUTO_CARRY_CHAINS      ; ON         ; AUTO_CARRY                                  ;
; IGNORE_CARRY_BUFFERS   ; OFF        ; IGNORE_CARRY                                ;
; AUTO_CASCADE_CHAINS    ; ON         ; AUTO_CASCADE                                ;
; IGNORE_CASCADE_BUFFERS ; OFF        ; IGNORE_CASCADE                              ;
+------------------------+------------+---------------------------------------------+
Note: In order to hide this table in the UI and the text report file, please set the "Show Parameter Settings Tables in Synthesis Report" option in "Analysis and Synthesis Settings -> More Settings" to "Off".


+-------------------------------+
; Analysis & Synthesis Messages ;
+-------------------------------+
Info: *******************************************************************
Info: Running Quartus II Analysis & Synthesis
    Info: Version 9.1 Build 350 03/24/2010 Service Pack 2 SJ Web Edition
    Info: Processing started: Tue Aug 29 00:19:17 2017
Info: Command: quartus_map --read_settings_files=on --write_settings_files=off Random -c Random
Info: Found 1 design units, including 1 entities, in source file random.bdf
    Info: Found entity 1: Random
Info: Found 2 design units, including 1 entities, in source file count8.vhd
    Info: Found design unit 1: count8-SYN
    Info: Found entity 1: count8
Info: Found 2 design units, including 1 entities, in source file detect_0.vhd
    Info: Found design unit 1: detect_0-SYN
    Info: Found entity 1: detect_0
Info: Found 2 design units, including 1 entities, in source file maxcount.vhd
    Info: Found design unit 1: maxcount-SYN
    Info: Found entity 1: MAXCOUNT
Info: Found 2 design units, including 1 entities, in source file regout.vhd
    Info: Found design unit 1: regout-SYN
    Info: Found entity 1: regout
Info: Found 2 design units, including 1 entities, in source file vrise.vhd
    Info: Found design unit 1: vrise-arc_vrise
    Info: Found entity 1: vrise
Info: Elaborating entity "Random" for the top level hierarchy
Info: Elaborating entity "count8" for hierarchy "count8:inst2"
Info: Elaborating entity "lpm_counter" for hierarchy "count8:inst2|lpm_counter:lpm_counter_component"
Info: Elaborated megafunction instantiation "count8:inst2|lpm_counter:lpm_counter_component"
Info: Instantiated megafunction "count8:inst2|lpm_counter:lpm_counter_component" with the following parameter:
    Info: Parameter "lpm_direction" = "DOWN"
    Info: Parameter "lpm_port_updown" = "PORT_UNUSED"
    Info: Parameter "lpm_type" = "LPM_COUNTER"
    Info: Parameter "lpm_width" = "8"
Info: Found 1 design units, including 1 entities, in source file db/cntr_sqi.tdf
    Info: Found entity 1: cntr_sqi
Info: Elaborating entity "cntr_sqi" for hierarchy "count8:inst2|lpm_counter:lpm_counter_component|cntr_sqi:auto_generated"
Info: Elaborating entity "detect_0" for hierarchy "detect_0:inst3"
Info: Elaborating entity "lpm_compare" for hierarchy "detect_0:inst3|lpm_compare:lpm_compare_component"
Info: Elaborated megafunction instantiation "detect_0:inst3|lpm_compare:lpm_compare_component"
Info: Instantiated megafunction "detect_0:inst3|lpm_compare:lpm_compare_component" with the following parameter:
    Info: Parameter "lpm_hint" = "ONE_INPUT_IS_CONSTANT=YES"
    Info: Parameter "lpm_representation" = "UNSIGNED"
    Info: Parameter "lpm_type" = "LPM_COMPARE"
    Info: Parameter "lpm_width" = "8"
Info: Found 1 design units, including 1 entities, in source file db/cmpr_omi.tdf
    Info: Found entity 1: cmpr_omi
Info: Elaborating entity "cmpr_omi" for hierarchy "detect_0:inst3|lpm_compare:lpm_compare_component|cmpr_omi:auto_generated"
Info: Elaborating entity "MAXCOUNT" for hierarchy "MAXCOUNT:inst8"
Info: Elaborating entity "lpm_constant" for hierarchy "MAXCOUNT:inst8|lpm_constant:lpm_constant_component"
Info: Elaborated megafunction instantiation "MAXCOUNT:inst8|lpm_constant:lpm_constant_component"
Info: Instantiated megafunction "MAXCOUNT:inst8|lpm_constant:lpm_constant_component" with the following parameter:
    Info: Parameter "lpm_cvalue" = "255"
    Info: Parameter "lpm_hint" = "ENABLE_RUNTIME_MOD=NO"
    Info: Parameter "lpm_type" = "LPM_CONSTANT"
    Info: Parameter "lpm_width" = "8"
Info: Elaborating entity "regout" for hierarchy "regout:inst1"
Info: Elaborating entity "lpm_ff" for hierarchy "regout:inst1|lpm_ff:lpm_ff_component"
Info: Elaborated megafunction instantiation "regout:inst1|lpm_ff:lpm_ff_component"
Info: Instantiated megafunction "regout:inst1|lpm_ff:lpm_ff_component" with the following parameter:
    Info: Parameter "lpm_fftype" = "DFF"
    Info: Parameter "lpm_type" = "LPM_FF"
    Info: Parameter "lpm_width" = "8"
Info: Implemented 37 device resources after synthesis - the final resource count might be different
    Info: Implemented 2 input pins
    Info: Implemented 16 output pins
    Info: Implemented 19 logic cells
Info: Quartus II Analysis & Synthesis was successful. 0 errors, 0 warnings
    Info: Peak virtual memory: 262 megabytes
    Info: Processing ended: Tue Aug 29 00:19:19 2017
    Info: Elapsed time: 00:00:02
    Info: Total CPU time (on all processors): 00:00:01


