--------------------------------------------------------------------------------------
Timing Analyzer Summary
--------------------------------------------------------------------------------------

Type           : Worst-case tsu
Slack          : N/A
Required Time  : None
Actual Time    : 0.011 ns
From           : enable
To             : regout:inst1|lpm_ff:lpm_ff_component|dffs[0]
From Clock     : --
To Clock       : clk
Failed Paths   : 0

Type           : Worst-case tco
Slack          : N/A
Required Time  : None
Actual Time    : 9.634 ns
From           : regout:inst1|lpm_ff:lpm_ff_component|dffs[7]
To             : RANDOM[7]
From Clock     : clk
To Clock       : --
Failed Paths   : 0

Type           : Worst-case th
Slack          : N/A
Required Time  : None
Actual Time    : 0.228 ns
From           : enable
To             : regout:inst1|lpm_ff:lpm_ff_component|dffs[5]
From Clock     : --
To Clock       : clk
Failed Paths   : 0

Type           : Clock Setup: 'clk'
Slack          : N/A
Required Time  : None
Actual Time    : 386.10 MHz ( period = 2.590 ns )
From           : count8:inst2|lpm_counter:lpm_counter_component|cntr_sqi:auto_generated|safe_q[1]
To             : count8:inst2|lpm_counter:lpm_counter_component|cntr_sqi:auto_generated|safe_q[4]
From Clock     : clk
To Clock       : clk
Failed Paths   : 0

Type           : Total number of failed paths
Slack          : 
Required Time  : 
Actual Time    : 
From           : 
To             : 
From Clock     : 
To Clock       : 
Failed Paths   : 0

--------------------------------------------------------------------------------------

