--------------------------------------------------------------------------------------
Timing Analyzer Summary
--------------------------------------------------------------------------------------

Type           : Worst-case tsu
Slack          : N/A
Required Time  : None
Actual Time    : 1.406 ns
From           : resetN
To             : bitrec:inst2|shift_reg[9]
From Clock     : --
To Clock       : clk
Failed Paths   : 0

Type           : Worst-case tco
Slack          : N/A
Required Time  : None
Actual Time    : 8.101 ns
From           : byterec:inst1|present_state.new_make
To             : make
From Clock     : clk
To Clock       : --
Failed Paths   : 0

Type           : Worst-case th
Slack          : N/A
Required Time  : None
Actual Time    : 0.478 ns
From           : KBD_CLK
To             : lpf:cleaner|shiftreg[0]
From Clock     : --
To Clock       : clk
Failed Paths   : 0

Type           : Clock Setup: 'clk'
Slack          : N/A
Required Time  : None
Actual Time    : 241.43 MHz ( period = 4.142 ns )
From           : bitrec:inst2|dout[7]
To             : byterec:inst1|present_state.idle
From Clock     : clk
To Clock       : clk
Failed Paths   : 0

Type           : Total number of failed paths
Slack          : 
Required Time  : 
Actual Time    : 
From           : 
To             : 
From Clock     : 
To Clock       : 
Failed Paths   : 0

--------------------------------------------------------------------------------------

