--------------------------------------------------------------------------------------
Timing Analyzer Summary
--------------------------------------------------------------------------------------

Type           : Worst-case tco
Slack          : N/A
Required Time  : None
Actual Time    : 13.081 ns
From           : VGA_Controller:inst6|V_Cont[3]
To             : VGA_R[7]
From Clock     : CLOCK_27
To Clock       : --
Failed Paths   : 0

Type           : Clock Setup: 'misc:inst|VGA_Audio_PLL:p1|altpll:altpll_component|_clk0'
Slack          : 24.331 ns
Required Time  : 27.00 MHz ( period = 37.037 ns )
Actual Time    : 78.70 MHz ( period = 12.706 ns )
From           : smileyfacemove:inst3|ObjectStartX_t[2]
To             : smaleyface_object:inst4|mVGA_RGB[5]
From Clock     : misc:inst|VGA_Audio_PLL:p1|altpll:altpll_component|_clk0
To Clock       : misc:inst|VGA_Audio_PLL:p1|altpll:altpll_component|_clk0
Failed Paths   : 0

Type           : Clock Setup: 'CLOCK_27'
Slack          : 32.437 ns
Required Time  : 27.00 MHz ( period = 37.037 ns )
Actual Time    : 217.39 MHz ( period = 4.600 ns )
From           : misc:inst|Reset_Delay:r0|Cont[1]
To             : misc:inst|Reset_Delay:r0|Cont[5]
From Clock     : CLOCK_27
To Clock       : CLOCK_27
Failed Paths   : 0

Type           : Clock Hold: 'misc:inst|VGA_Audio_PLL:p1|altpll:altpll_component|_clk0'
Slack          : 0.391 ns
Required Time  : 27.00 MHz ( period = 37.037 ns )
Actual Time    : N/A
From           : smileyfacemove:inst3|ObjectStartY_t[0]
To             : smileyfacemove:inst3|ObjectStartY_t[0]
From Clock     : misc:inst|VGA_Audio_PLL:p1|altpll:altpll_component|_clk0
To Clock       : misc:inst|VGA_Audio_PLL:p1|altpll:altpll_component|_clk0
Failed Paths   : 0

Type           : Clock Hold: 'CLOCK_27'
Slack          : 0.391 ns
Required Time  : 27.00 MHz ( period = 37.037 ns )
Actual Time    : N/A
From           : misc:inst|Reset_Delay:r0|Cont[0]
To             : misc:inst|Reset_Delay:r0|Cont[0]
From Clock     : CLOCK_27
To Clock       : CLOCK_27
Failed Paths   : 0

Type           : Total number of failed paths
Slack          : 
Required Time  : 
Actual Time    : 
From           : 
To             : 
From Clock     : 
To Clock       : 
Failed Paths   : 0

--------------------------------------------------------------------------------------

